*** Using Compiler 'V5.06 update 6 (build 750)', folder: 'C:\Keil_v5\ARM\ARMCC\Bin'
Rebuild target 'Target 1'
assembling startup_stm32f10x_md.s...
compiling core_cm3.c...
compiling misc.c...
compiling stm32f10x_crc.c...
compiling stm32f10x_bkp.c...
compiling system_stm32f10x.c...
compiling stm32f10x_dbgmcu.c...
compiling stm32f10x_cec.c...
compiling stm32f10x_dac.c...
compiling stm32f10x_adc.c...
compiling stm32f10x_can.c...
compiling stm32f10x_dma.c...
compiling stm32f10x_exti.c...
compiling stm32f10x_iwdg.c...
compiling stm32f10x_rtc.c...
compiling stm32f10x_i2c.c...
compiling stm32f10x_fsmc.c...
compiling stm32f10x_flash.c...
compiling stm32f10x_rcc.c...
compiling stm32f10x_pwr.c...
compiling stm32f10x_gpio.c...
compiling stm32f10x_sdio.c...
compiling stm32f10x_spi.c...
compiling stm32f10x_tim.c...
compiling Delay.c...
compiling stm32f10x_wwdg.c...
compiling Timer.c...
compiling LightSenser.c...
compiling stm32f10x_usart.c...
compiling LED.c...
compiling Key.c...
Hardware\Key.c(55): warning:  #1-D: last line of file ends without a newline
  }
Hardware\Key.c: 1 warning, 0 errors
compiling Buzzer.c...
compiling main.c...
.\System\Timer.h(4): warning:  #1295-D: Deprecated declaration Timer_Init - give arg types
  void Timer_Init();
.\System\Timer.h(5): warning:  #1295-D: Deprecated declaration Timer_GetCounter - give arg types
  uint16_t Timer_GetCounter();
.\System\Timer.h(7): warning:  #1-D: last line of file ends without a newline
  #endif
User\main.c: 3 warnings, 0 errors
compiling OLED.c...
compiling stm32f10x_it.c...
linking...
Program Size: Code=2600 RO-data=1788 RW-data=4 ZI-data=1636  
".\Objects\Project.axf" - 0 Error(s), 4 Warning(s).
Build Time Elapsed:  00:00:03
