*** Using Compiler 'V5.06 update 6 (build 750)', folder: 'C:\Keil_v5\ARM\ARMCC\Bin'
Build target 'Target 1'
compiling main.c...
.\Hardware\Buzzer.h(4): warning:  #1295-D: Deprecated declaration Buzzer_init - give arg types
  void Buzzer_init();
.\Hardware\Buzzer.h(5): warning:  #1295-D: Deprecated declaration Buzzer_ON - give arg types
  void Buzzer_ON();
.\Hardware\Buzzer.h(6): warning:  #1295-D: Deprecated declaration Buzzer_OFF - give arg types
  void Buzzer_OFF();
.\Hardware\Buzzer.h(7): warning:  #1295-D: Deprecated declaration Buzzer_turn - give arg types
  void Buzzer_turn();
.\Hardware\Buzzer.h(10): warning:  #1-D: last line of file ends without a newline
  #endif
.\Hardware\LightSenser.h(4): warning:  #1295-D: Deprecated declaration LightSenser_init - give arg types
  void LightSenser_init();
.\Hardware\LightSenser.h(5): warning:  #1295-D: Deprecated declaration LightSenser_Get - give arg types
  uint8_t LightSenser_Get();
.\Hardware\LightSenser.h(7): warning:  #1-D: last line of file ends without a newline
  #endif
User\main.c: 8 warnings, 0 errors
linking...
Program Size: Code=1200 RO-data=252 RW-data=0 ZI-data=1632  
".\Objects\Project.axf" - 0 Error(s), 8 Warning(s).
Build Time Elapsed:  00:00:00
