<html>
<body>
<pre>
<h1>µVision Build Log</h1>
<h2>Tool Versions:</h2>
IDE-Version: ¦ÌVision V5.28.0.0
Copyright (C) 2019 ARM Ltd and ARM Germany GmbH. All rights reserved.
License Information: 1 1, 1, LIC=KRMW3-A1IN6-ARHXW-QHMU5-ZIPF5-1K5TW
 
Tool Versions:
Toolchain:       MDK-ARM Plus  Version: 5.28.0.0
Toolchain Path:  C:\Keil_v5\ARM\ARMCC\Bin
C Compiler:      Armcc.exe V5.06 update 6 (build 750)
Assembler:       Armasm.exe V5.06 update 6 (build 750)
Linker/Locator:  ArmLink.exe V5.06 update 6 (build 750)
Library Manager: ArmAr.exe V5.06 update 6 (build 750)
Hex Converter:   FromElf.exe V5.06 update 6 (build 750)
CPU DLL:         SARMCM3.DLL V5.28.0.0
Dialog DLL:      DCM.DLL V1.17.3.0
Target DLL:      STLink\ST-LINKIII-KEIL_SWO.dll V3.0.6.0
Dialog DLL:      TCM.DLL V1.36.2.0
 
<h2>Project:</h2>
c:\Users\Xch\Documents\STM32Project\6-4 PWMÇý¶¯¶æ»ú\Project.uvprojx
Project File Date:  11/14/2025

<h2>Output:</h2>
*** Using Compiler 'V5.06 update 6 (build 750)', folder: 'C:\Keil_v5\ARM\ARMCC\Bin'
Build target 'Target 1'
compiling main.c...
.\Hardware\Servo.h(4): warning:  #1295-D: Deprecated declaration Servo_Init - give arg types
  void Servo_Init();
.\Hardware\Servo.h(9): warning:  #1-D: last line of file ends without a newline
  #endif
.\Hardware\Key.h(4): warning:  #1295-D: Deprecated declaration Key_init - give arg types
  void Key_init();
.\Hardware\Key.h(5): warning:  #1295-D: Deprecated declaration Key_GetNum - give arg types
  uint8_t Key_GetNum();
.\Hardware\Key.h(7): warning:  #1-D: last line of file ends without a newline
  #endif
User\main.c: 5 warnings, 0 errors
linking...
Program Size: Code=4306 RO-data=1790 RW-data=12 ZI-data=1636  
".\Objects\Project.axf" - 0 Error(s), 5 Warning(s).

<h2>Software Packages used:</h2>

Package Vendor: Keil
                http://www.keil.com/pack/Keil.STM32F1xx_DFP.1.0.5.pack
                Keil.STM32F1xx_DFP.1.0.5
                STMicroelectronics STM32F1 Series Device Support, Drivers and Examples

<h2>Collection of Component include folders:</h2>
  .\RTE\_Target_1
  C:\Users\Xch\AppData\Local\Arm\Packs\Keil\STM32F1xx_DFP\1.0.5\Device\Include

<h2>Collection of Component Files used:</h2>
Build Time Elapsed:  00:00:01
</pre>
</body>
</html>
