*** Using Compiler 'V5.06 update 6 (build 750)', folder: 'C:\Keil_v5\ARM\ARMCC\Bin'
Rebuild target 'Target 1'
assembling startup_stm32f10x_md.s...
compiling stm32f10x_adc.c...
compiling stm32f10x_crc.c...
compiling stm32f10x_cec.c...
compiling stm32f10x_dac.c...
compiling stm32f10x_dbgmcu.c...
compiling core_cm3.c...
compiling misc.c...
compiling system_stm32f10x.c...
compiling stm32f10x_bkp.c...
compiling stm32f10x_can.c...
compiling stm32f10x_dma.c...
compiling stm32f10x_exti.c...
compiling stm32f10x_i2c.c...
compiling stm32f10x_rtc.c...
compiling stm32f10x_flash.c...
compiling stm32f10x_pwr.c...
compiling stm32f10x_rcc.c...
compiling stm32f10x_sdio.c...
compiling stm32f10x_gpio.c...
compiling stm32f10x_iwdg.c...
compiling stm32f10x_spi.c...
compiling stm32f10x_fsmc.c...
compiling AD.c...
compiling MyDMA.c...
System\MyDMA.c(41): warning:  #1-D: last line of file ends without a newline
  }
System\MyDMA.c: 1 warning, 0 errors
compiling Delay.c...
compiling stm32f10x_usart.c...
compiling stm32f10x_wwdg.c...
compiling Key.c...
Hardware\Key.c(55): warning:  #1-D: last line of file ends without a newline
  }
Hardware\Key.c: 1 warning, 0 errors
compiling LED.c...
compiling Buzzer.c...
compiling LightSenser.c...
compiling stm32f10x_tim.c...
compiling OLED.c...
compiling main.c...
compiling stm32f10x_it.c...
linking...
Program Size: Code=2624 RO-data=1788 RW-data=12 ZI-data=1636  
".\Objects\Project.axf" - 0 Error(s), 2 Warning(s).
Build Time Elapsed:  00:00:03
